commit: pc = 0
[01]:0       [02]:0       [03]:0       [04]:0       [05]:0       [06]:0       [07]:0       [08]:0       [09]:0       [10]:0       [11]:0       [12]:0       [13]:0       [14]:0       [15]:0       [16]:0       [17]:0       [18]:0       [19]:0       [20]:0       [21]:0       [22]:0       [23]:0       [24]:0       [25]:0       [26]:0       [27]:0       [28]:0       [29]:0       [30]:0       [31]:0       
commit: pc = 4
[01]:0       [02]:20000   [03]:0       [04]:0       [05]:0       [06]:0       [07]:0       [08]:0       [09]:0       [10]:0       [11]:0       [12]:0       [13]:0       [14]:0       [15]:0       [16]:0       [17]:0       [18]:0       [19]:0       [20]:0       [21]:0       [22]:0       [23]:0       [24]:0       [25]:0       [26]:0       [27]:0       [28]:0       [29]:0       [30]:0       [31]:0       
commit: pc = 1044
[01]:8       [02]:20000   [03]:0       [04]:0       [05]:0       [06]:0       [07]:0       [08]:0       [09]:0       [10]:0       [11]:0       [12]:0       [13]:0       [14]:0       [15]:0       [16]:0       [17]:0       [18]:0       [19]:0       [20]:0       [21]:0       [22]:0       [23]:0       [24]:0       [25]:0       [26]:0       [27]:0       [28]:0       [29]:0       [30]:0       [31]:0       
commit: pc = 1048
[01]:8       [02]:1ffe0   [03]:0       [04]:0       [05]:0       [06]:0       [07]:0       [08]:0       [09]:0       [10]:0       [11]:0       [12]:0       [13]:0       [14]:0       [15]:0       [16]:0       [17]:0       [18]:0       [19]:0       [20]:0       [21]:0       [22]:0       [23]:0       [24]:0       [25]:0       [26]:0       [27]:0       [28]:0       [29]:0       [30]:0       [31]:0       
commit: pc = 104c
[01]:8       [02]:1ffe0   [03]:0       [04]:0       [05]:0       [06]:0       [07]:0       [08]:0       [09]:0       [10]:0       [11]:0       [12]:0       [13]:0       [14]:0       [15]:0       [16]:0       [17]:0       [18]:0       [19]:0       [20]:0       [21]:0       [22]:0       [23]:0       [24]:0       [25]:0       [26]:0       [27]:0       [28]:0       [29]:0       [30]:0       [31]:0       
commit: pc = 1050
[01]:8       [02]:1ffe0   [03]:0       [04]:0       [05]:0       [06]:0       [07]:0       [08]:0       [09]:0       [10]:0       [11]:0       [12]:0       [13]:0       [14]:0       [15]:0       [16]:0       [17]:0       [18]:0       [19]:0       [20]:0       [21]:0       [22]:0       [23]:0       [24]:0       [25]:0       [26]:0       [27]:0       [28]:0       [29]:0       [30]:0       [31]:0       
commit: pc = 1054
[01]:8       [02]:1ffe0   [03]:0       [04]:0       [05]:0       [06]:0       [07]:0       [08]:0       [09]:0       [10]:0       [11]:0       [12]:0       [13]:0       [14]:0       [15]:0       [16]:0       [17]:0       [18]:0       [19]:0       [20]:0       [21]:0       [22]:0       [23]:0       [24]:0       [25]:0       [26]:0       [27]:0       [28]:0       [29]:0       [30]:0       [31]:0       
commit: pc = 1058
[01]:8       [02]:1ffe0   [03]:0       [04]:0       [05]:0       [06]:0       [07]:0       [08]:0       [09]:0       [10]:0       [11]:0       [12]:0       [13]:0       [14]:0       [15]:0       [16]:0       [17]:0       [18]:0       [19]:0       [20]:0       [21]:0       [22]:0       [23]:0       [24]:0       [25]:0       [26]:0       [27]:0       [28]:0       [29]:0       [30]:0       [31]:0       
commit: pc = 105c
[01]:8       [02]:1ffe0   [03]:0       [04]:0       [05]:0       [06]:0       [07]:0       [08]:0       [09]:0       [10]:0       [11]:0       [12]:0       [13]:0       [14]:0       [15]:0       [16]:0       [17]:0       [18]:0       [19]:0       [20]:0       [21]:0       [22]:0       [23]:0       [24]:0       [25]:0       [26]:0       [27]:0       [28]:0       [29]:0       [30]:0       [31]:0       
commit: pc = 1060
[01]:8       [02]:1ffe0   [03]:0       [04]:0       [05]:0       [06]:0       [07]:0       [08]:0       [09]:0       [10]:0       [11]:0       [12]:0       [13]:0       [14]:0       [15]:1000    [16]:0       [17]:0       [18]:0       [19]:0       [20]:0       [21]:0       [22]:0       [23]:0       [24]:0       [25]:0       [26]:0       [27]:0       [28]:0       [29]:0       [30]:0       [31]:0       
commit: pc = 1064
[01]:8       [02]:1ffe0   [03]:0       [04]:0       [05]:0       [06]:0       [07]:0       [08]:0       [09]:0       [10]:0       [11]:0       [12]:0       [13]:0       [14]:0       [15]:1000    [16]:0       [17]:0       [18]:11b0    [19]:0       [20]:0       [21]:0       [22]:0       [23]:0       [24]:0       [25]:0       [26]:0       [27]:0       [28]:0       [29]:0       [30]:0       [31]:0       
commit: pc = 1068
[01]:8       [02]:1ffe0   [03]:0       [04]:0       [05]:0       [06]:0       [07]:0       [08]:0       [09]:0       [10]:4       [11]:0       [12]:0       [13]:0       [14]:0       [15]:1000    [16]:0       [17]:0       [18]:11b0    [19]:0       [20]:0       [21]:0       [22]:0       [23]:0       [24]:0       [25]:0       [26]:0       [27]:0       [28]:0       [29]:0       [30]:0       [31]:0       
commit: pc = 1000
[01]:106c    [02]:1ffe0   [03]:0       [04]:0       [05]:0       [06]:0       [07]:0       [08]:0       [09]:0       [10]:4       [11]:0       [12]:0       [13]:0       [14]:0       [15]:1000    [16]:0       [17]:0       [18]:11b0    [19]:0       [20]:0       [21]:0       [22]:0       [23]:0       [24]:0       [25]:0       [26]:0       [27]:0       [28]:0       [29]:0       [30]:0       [31]:0       
commit: pc = 1004
[01]:106c    [02]:1ffe0   [03]:0       [04]:0       [05]:0       [06]:0       [07]:0       [08]:0       [09]:0       [10]:4       [11]:0       [12]:0       [13]:0       [14]:1000    [15]:1000    [16]:0       [17]:0       [18]:11b0    [19]:0       [20]:0       [21]:0       [22]:0       [23]:0       [24]:0       [25]:0       [26]:0       [27]:0       [28]:0       [29]:0       [30]:0       [31]:0       
commit: pc = 1008
[01]:106c    [02]:1ffe0   [03]:0       [04]:0       [05]:0       [06]:0       [07]:0       [08]:0       [09]:0       [10]:4       [11]:0       [12]:0       [13]:0       [14]:1000    [15]:0       [16]:0       [17]:0       [18]:11b0    [19]:0       [20]:0       [21]:0       [22]:0       [23]:0       [24]:0       [25]:0       [26]:0       [27]:0       [28]:0       [29]:0       [30]:0       [31]:0       
commit: pc = 100c
[01]:106c    [02]:1ffe0   [03]:0       [04]:0       [05]:0       [06]:0       [07]:0       [08]:0       [09]:0       [10]:4       [11]:0       [12]:0       [13]:0       [14]:1000    [15]:0       [16]:0       [17]:0       [18]:11b0    [19]:0       [20]:0       [21]:0       [22]:0       [23]:0       [24]:0       [25]:0       [26]:0       [27]:0       [28]:0       [29]:0       [30]:0       [31]:0       
commit: pc = 1010
[01]:106c    [02]:1ffe0   [03]:0       [04]:0       [05]:0       [06]:0       [07]:0       [08]:0       [09]:0       [10]:b1      [11]:0       [12]:0       [13]:0       [14]:1000    [15]:0       [16]:0       [17]:0       [18]:11b0    [19]:0       [20]:0       [21]:0       [22]:0       [23]:0       [24]:0       [25]:0       [26]:0       [27]:0       [28]:0       [29]:0       [30]:0       [31]:0       
commit: pc = 1014
[01]:106c    [02]:1ffe0   [03]:0       [04]:0       [05]:0       [06]:0       [07]:0       [08]:0       [09]:0       [10]:b1      [11]:0       [12]:0       [13]:0       [14]:1000    [15]:0       [16]:0       [17]:0       [18]:11b0    [19]:0       [20]:0       [21]:0       [22]:0       [23]:0       [24]:0       [25]:0       [26]:0       [27]:0       [28]:0       [29]:0       [30]:0       [31]:0       
commit: pc = 106c
[01]:106c    [02]:1ffe0   [03]:0       [04]:0       [05]:0       [06]:0       [07]:0       [08]:0       [09]:0       [10]:b1      [11]:0       [12]:0       [13]:0       [14]:1000    [15]:0       [16]:0       [17]:0       [18]:11b0    [19]:0       [20]:0       [21]:0       [22]:0       [23]:0       [24]:0       [25]:0       [26]:0       [27]:0       [28]:0       [29]:0       [30]:0       [31]:0       
commit: pc = 1070
[01]:106c    [02]:1ffe0   [03]:0       [04]:0       [05]:0       [06]:0       [07]:0       [08]:0       [09]:0       [10]:b1      [11]:0       [12]:0       [13]:0       [14]:1000    [15]:1       [16]:0       [17]:0       [18]:11b0    [19]:0       [20]:0       [21]:0       [22]:0       [23]:0       [24]:0       [25]:0       [26]:0       [27]:0       [28]:0       [29]:0       [30]:0       [31]:0       
commit: pc = 1074
[01]:106c    [02]:1ffe0   [03]:0       [04]:0       [05]:0       [06]:0       [07]:0       [08]:0       [09]:0       [10]:b1      [11]:0       [12]:0       [13]:0       [14]:1000    [15]:1       [16]:0       [17]:0       [18]:11b0    [19]:0       [20]:0       [21]:0       [22]:0       [23]:0       [24]:0       [25]:0       [26]:0       [27]:0       [28]:0       [29]:0       [30]:0       [31]:0       
commit: pc = 1078
[01]:106c    [02]:1ffe0   [03]:0       [04]:0       [05]:0       [06]:0       [07]:0       [08]:0       [09]:0       [10]:b1      [11]:0       [12]:0       [13]:0       [14]:1000    [15]:2       [16]:0       [17]:0       [18]:11b0    [19]:0       [20]:0       [21]:0       [22]:0       [23]:0       [24]:0       [25]:0       [26]:0       [27]:0       [28]:0       [29]:0       [30]:0       [31]:0       
commit: pc = 107c
[01]:106c    [02]:1ffe0   [03]:0       [04]:0       [05]:0       [06]:0       [07]:0       [08]:0       [09]:0       [10]:b1      [11]:0       [12]:0       [13]:0       [14]:1000    [15]:2       [16]:0       [17]:0       [18]:11b0    [19]:0       [20]:0       [21]:0       [22]:0       [23]:0       [24]:0       [25]:0       [26]:0       [27]:0       [28]:0       [29]:0       [30]:0       [31]:0       
commit: pc = 1080
[01]:106c    [02]:1ffe0   [03]:0       [04]:0       [05]:0       [06]:0       [07]:0       [08]:0       [09]:0       [10]:b1      [11]:0       [12]:0       [13]:0       [14]:1000    [15]:3       [16]:0       [17]:0       [18]:11b0    [19]:0       [20]:0       [21]:0       [22]:0       [23]:0       [24]:0       [25]:0       [26]:0       [27]:0       [28]:0       [29]:0       [30]:0       [31]:0       
commit: pc = 1084
[01]:106c    [02]:1ffe0   [03]:0       [04]:0       [05]:0       [06]:0       [07]:0       [08]:0       [09]:0       [10]:b1      [11]:0       [12]:0       [13]:0       [14]:1000    [15]:3       [16]:0       [17]:0       [18]:11b0    [19]:0       [20]:0       [21]:0       [22]:0       [23]:0       [24]:0       [25]:0       [26]:0       [27]:0       [28]:0       [29]:0       [30]:0       [31]:0       
commit: pc = 1088
[01]:106c    [02]:1ffe0   [03]:0       [04]:0       [05]:0       [06]:0       [07]:0       [08]:0       [09]:0       [10]:b1      [11]:0       [12]:0       [13]:0       [14]:1000    [15]:4       [16]:0       [17]:0       [18]:11b0    [19]:0       [20]:0       [21]:0       [22]:0       [23]:0       [24]:0       [25]:0       [26]:0       [27]:0       [28]:0       [29]:0       [30]:0       [31]:0       
commit: pc = 108c
[01]:106c    [02]:1ffe0   [03]:0       [04]:0       [05]:0       [06]:0       [07]:0       [08]:0       [09]:0       [10]:b1      [11]:0       [12]:0       [13]:0       [14]:1000    [15]:4       [16]:0       [17]:0       [18]:11b0    [19]:0       [20]:0       [21]:0       [22]:0       [23]:0       [24]:0       [25]:0       [26]:0       [27]:0       [28]:0       [29]:0       [30]:0       [31]:0       
commit: pc = 1090
[01]:106c    [02]:1ffe0   [03]:0       [04]:0       [05]:0       [06]:0       [07]:0       [08]:11b0    [09]:0       [10]:b1      [11]:0       [12]:0       [13]:0       [14]:1000    [15]:4       [16]:0       [17]:0       [18]:11b0    [19]:0       [20]:0       [21]:0       [22]:0       [23]:0       [24]:0       [25]:0       [26]:0       [27]:0       [28]:0       [29]:0       [30]:0       [31]:0       
commit: pc = 1094
[01]:106c    [02]:1ffe0   [03]:0       [04]:0       [05]:0       [06]:0       [07]:0       [08]:11b0    [09]:0       [10]:b1      [11]:0       [12]:0       [13]:0       [14]:1000    [15]:4       [16]:0       [17]:0       [18]:11b0    [19]:11c0    [20]:0       [21]:0       [22]:0       [23]:0       [24]:0       [25]:0       [26]:0       [27]:0       [28]:0       [29]:0       [30]:0       [31]:0       
commit: pc = 1098
[01]:106c    [02]:1ffe0   [03]:0       [04]:0       [05]:0       [06]:0       [07]:0       [08]:11b0    [09]:11b0    [10]:b1      [11]:0       [12]:0       [13]:0       [14]:1000    [15]:4       [16]:0       [17]:0       [18]:11b0    [19]:11c0    [20]:0       [21]:0       [22]:0       [23]:0       [24]:0       [25]:0       [26]:0       [27]:0       [28]:0       [29]:0       [30]:0       [31]:0       
commit: pc = 109c
[01]:106c    [02]:1ffe0   [03]:0       [04]:0       [05]:0       [06]:0       [07]:0       [08]:11b0    [09]:11b0    [10]:1       [11]:0       [12]:0       [13]:0       [14]:1000    [15]:4       [16]:0       [17]:0       [18]:11b0    [19]:11c0    [20]:0       [21]:0       [22]:0       [23]:0       [24]:0       [25]:0       [26]:0       [27]:0       [28]:0       [29]:0       [30]:0       [31]:0       
commit: pc = 1000
[01]:10a0    [02]:1ffe0   [03]:0       [04]:0       [05]:0       [06]:0       [07]:0       [08]:11b0    [09]:11b0    [10]:1       [11]:0       [12]:0       [13]:0       [14]:1000    [15]:4       [16]:0       [17]:0       [18]:11b0    [19]:11c0    [20]:0       [21]:0       [22]:0       [23]:0       [24]:0       [25]:0       [26]:0       [27]:0       [28]:0       [29]:0       [30]:0       [31]:0       
commit: pc = 1004
[01]:10a0    [02]:1ffe0   [03]:0       [04]:0       [05]:0       [06]:0       [07]:0       [08]:11b0    [09]:11b0    [10]:1       [11]:0       [12]:0       [13]:0       [14]:1000    [15]:4       [16]:0       [17]:0       [18]:11b0    [19]:11c0    [20]:0       [21]:0       [22]:0       [23]:0       [24]:0       [25]:0       [26]:0       [27]:0       [28]:0       [29]:0       [30]:0       [31]:0       
commit: pc = 1008
[01]:10a0    [02]:1ffe0   [03]:0       [04]:0       [05]:0       [06]:0       [07]:0       [08]:11b0    [09]:11b0    [10]:1       [11]:0       [12]:0       [13]:0       [14]:1000    [15]:b1      [16]:0       [17]:0       [18]:11b0    [19]:11c0    [20]:0       [21]:0       [22]:0       [23]:0       [24]:0       [25]:0       [26]:0       [27]:0       [28]:0       [29]:0       [30]:0       [31]:0       
commit: pc = 100c
[01]:10a0    [02]:1ffe0   [03]:0       [04]:0       [05]:0       [06]:0       [07]:0       [08]:11b0    [09]:11b0    [10]:b0      [11]:0       [12]:0       [13]:0       [14]:1000    [15]:b1      [16]:0       [17]:0       [18]:11b0    [19]:11c0    [20]:0       [21]:0       [22]:0       [23]:0       [24]:0       [25]:0       [26]:0       [27]:0       [28]:0       [29]:0       [30]:0       [31]:0       
commit: pc = 1010
[01]:10a0    [02]:1ffe0   [03]:0       [04]:0       [05]:0       [06]:0       [07]:0       [08]:11b0    [09]:11b0    [10]:15d     [11]:0       [12]:0       [13]:0       [14]:1000    [15]:b1      [16]:0       [17]:0       [18]:11b0    [19]:11c0    [20]:0       [21]:0       [22]:0       [23]:0       [24]:0       [25]:0       [26]:0       [27]:0       [28]:0       [29]:0       [30]:0       [31]:0       
commit: pc = 1014
[01]:10a0    [02]:1ffe0   [03]:0       [04]:0       [05]:0       [06]:0       [07]:0       [08]:11b0    [09]:11b0    [10]:15d     [11]:0       [12]:0       [13]:0       [14]:1000    [15]:b1      [16]:0       [17]:0       [18]:11b0    [19]:11c0    [20]:0       [21]:0       [22]:0       [23]:0       [24]:0       [25]:0       [26]:0       [27]:0       [28]:0       [29]:0       [30]:0       [31]:0       
commit: pc = 10a0
[01]:10a0    [02]:1ffe0   [03]:0       [04]:0       [05]:0       [06]:0       [07]:0       [08]:11b0    [09]:11b0    [10]:15d     [11]:0       [12]:0       [13]:0       [14]:1000    [15]:b1      [16]:0       [17]:0       [18]:11b0    [19]:11c0    [20]:0       [21]:0       [22]:0       [23]:0       [24]:0       [25]:0       [26]:0       [27]:0       [28]:0       [29]:0       [30]:0       [31]:0       
commit: pc = 10a4
[01]:10a0    [02]:1ffe0   [03]:0       [04]:0       [05]:0       [06]:0       [07]:0       [08]:11b0    [09]:11b4    [10]:15d     [11]:0       [12]:0       [13]:0       [14]:1000    [15]:b1      [16]:0       [17]:0       [18]:11b0    [19]:11c0    [20]:0       [21]:0       [22]:0       [23]:0       [24]:0       [25]:0       [26]:0       [27]:0       [28]:0       [29]:0       [30]:0       [31]:0       
commit: pc = 1098
[01]:10a0    [02]:1ffe0   [03]:0       [04]:0       [05]:0       [06]:0       [07]:0       [08]:11b0    [09]:11b4    [10]:15d     [11]:0       [12]:0       [13]:0       [14]:1000    [15]:b1      [16]:0       [17]:0       [18]:11b0    [19]:11c0    [20]:0       [21]:0       [22]:0       [23]:0       [24]:0       [25]:0       [26]:0       [27]:0       [28]:0       [29]:0       [30]:0       [31]:0       
commit: pc = 109c
[01]:10a0    [02]:1ffe0   [03]:0       [04]:0       [05]:0       [06]:0       [07]:0       [08]:11b0    [09]:11b4    [10]:2       [11]:0       [12]:0       [13]:0       [14]:1000    [15]:b1      [16]:0       [17]:0       [18]:11b0    [19]:11c0    [20]:0       [21]:0       [22]:0       [23]:0       [24]:0       [25]:0       [26]:0       [27]:0       [28]:0       [29]:0       [30]:0       [31]:0       
commit: pc = 1000
[01]:10a0    [02]:1ffe0   [03]:0       [04]:0       [05]:0       [06]:0       [07]:0       [08]:11b0    [09]:11b4    [10]:2       [11]:0       [12]:0       [13]:0       [14]:1000    [15]:b1      [16]:0       [17]:0       [18]:11b0    [19]:11c0    [20]:0       [21]:0       [22]:0       [23]:0       [24]:0       [25]:0       [26]:0       [27]:0       [28]:0       [29]:0       [30]:0       [31]:0       
commit: pc = 1004
[01]:10a0    [02]:1ffe0   [03]:0       [04]:0       [05]:0       [06]:0       [07]:0       [08]:11b0    [09]:11b4    [10]:2       [11]:0       [12]:0       [13]:0       [14]:1000    [15]:b1      [16]:0       [17]:0       [18]:11b0    [19]:11c0    [20]:0       [21]:0       [22]:0       [23]:0       [24]:0       [25]:0       [26]:0       [27]:0       [28]:0       [29]:0       [30]:0       [31]:0       
commit: pc = 1008
[01]:10a0    [02]:1ffe0   [03]:0       [04]:0       [05]:0       [06]:0       [07]:0       [08]:11b0    [09]:11b4    [10]:2       [11]:0       [12]:0       [13]:0       [14]:1000    [15]:15d     [16]:0       [17]:0       [18]:11b0    [19]:11c0    [20]:0       [21]:0       [22]:0       [23]:0       [24]:0       [25]:0       [26]:0       [27]:0       [28]:0       [29]:0       [30]:0       [31]:0       
commit: pc = 100c
[01]:10a0    [02]:1ffe0   [03]:0       [04]:0       [05]:0       [06]:0       [07]:0       [08]:11b0    [09]:11b4    [10]:15f     [11]:0       [12]:0       [13]:0       [14]:1000    [15]:15d     [16]:0       [17]:0       [18]:11b0    [19]:11c0    [20]:0       [21]:0       [22]:0       [23]:0       [24]:0       [25]:0       [26]:0       [27]:0       [28]:0       [29]:0       [30]:0       [31]:0       
commit: pc = 1010
[01]:10a0    [02]:1ffe0   [03]:0       [04]:0       [05]:0       [06]:0       [07]:0       [08]:11b0    [09]:11b4    [10]:20c     [11]:0       [12]:0       [13]:0       [14]:1000    [15]:15d     [16]:0       [17]:0       [18]:11b0    [19]:11c0    [20]:0       [21]:0       [22]:0       [23]:0       [24]:0       [25]:0       [26]:0       [27]:0       [28]:0       [29]:0       [30]:0       [31]:0       
commit: pc = 1014
[01]:10a0    [02]:1ffe0   [03]:0       [04]:0       [05]:0       [06]:0       [07]:0       [08]:11b0    [09]:11b4    [10]:20c     [11]:0       [12]:0       [13]:0       [14]:1000    [15]:15d     [16]:0       [17]:0       [18]:11b0    [19]:11c0    [20]:0       [21]:0       [22]:0       [23]:0       [24]:0       [25]:0       [26]:0       [27]:0       [28]:0       [29]:0       [30]:0       [31]:0       
commit: pc = 10a0
[01]:10a0    [02]:1ffe0   [03]:0       [04]:0       [05]:0       [06]:0       [07]:0       [08]:11b0    [09]:11b4    [10]:20c     [11]:0       [12]:0       [13]:0       [14]:1000    [15]:15d     [16]:0       [17]:0       [18]:11b0    [19]:11c0    [20]:0       [21]:0       [22]:0       [23]:0       [24]:0       [25]:0       [26]:0       [27]:0       [28]:0       [29]:0       [30]:0       [31]:0       
commit: pc = 10a4
[01]:10a0    [02]:1ffe0   [03]:0       [04]:0       [05]:0       [06]:0       [07]:0       [08]:11b0    [09]:11b8    [10]:20c     [11]:0       [12]:0       [13]:0       [14]:1000    [15]:15d     [16]:0       [17]:0       [18]:11b0    [19]:11c0    [20]:0       [21]:0       [22]:0       [23]:0       [24]:0       [25]:0       [26]:0       [27]:0       [28]:0       [29]:0       [30]:0       [31]:0       
commit: pc = 1098
[01]:10a0    [02]:1ffe0   [03]:0       [04]:0       [05]:0       [06]:0       [07]:0       [08]:11b0    [09]:11b8    [10]:20c     [11]:0       [12]:0       [13]:0       [14]:1000    [15]:15d     [16]:0       [17]:0       [18]:11b0    [19]:11c0    [20]:0       [21]:0       [22]:0       [23]:0       [24]:0       [25]:0       [26]:0       [27]:0       [28]:0       [29]:0       [30]:0       [31]:0       
commit: pc = 109c
[01]:10a0    [02]:1ffe0   [03]:0       [04]:0       [05]:0       [06]:0       [07]:0       [08]:11b0    [09]:11b8    [10]:3       [11]:0       [12]:0       [13]:0       [14]:1000    [15]:15d     [16]:0       [17]:0       [18]:11b0    [19]:11c0    [20]:0       [21]:0       [22]:0       [23]:0       [24]:0       [25]:0       [26]:0       [27]:0       [28]:0       [29]:0       [30]:0       [31]:0       
commit: pc = 1000
[01]:10a0    [02]:1ffe0   [03]:0       [04]:0       [05]:0       [06]:0       [07]:0       [08]:11b0    [09]:11b8    [10]:3       [11]:0       [12]:0       [13]:0       [14]:1000    [15]:15d     [16]:0       [17]:0       [18]:11b0    [19]:11c0    [20]:0       [21]:0       [22]:0       [23]:0       [24]:0       [25]:0       [26]:0       [27]:0       [28]:0       [29]:0       [30]:0       [31]:0       
commit: pc = 1004
[01]:10a0    [02]:1ffe0   [03]:0       [04]:0       [05]:0       [06]:0       [07]:0       [08]:11b0    [09]:11b8    [10]:3       [11]:0       [12]:0       [13]:0       [14]:1000    [15]:15d     [16]:0       [17]:0       [18]:11b0    [19]:11c0    [20]:0       [21]:0       [22]:0       [23]:0       [24]:0       [25]:0       [26]:0       [27]:0       [28]:0       [29]:0       [30]:0       [31]:0       
commit: pc = 1008
[01]:10a0    [02]:1ffe0   [03]:0       [04]:0       [05]:0       [06]:0       [07]:0       [08]:11b0    [09]:11b8    [10]:3       [11]:0       [12]:0       [13]:0       [14]:1000    [15]:20c     [16]:0       [17]:0       [18]:11b0    [19]:11c0    [20]:0       [21]:0       [22]:0       [23]:0       [24]:0       [25]:0       [26]:0       [27]:0       [28]:0       [29]:0       [30]:0       [31]:0       
commit: pc = 100c
[01]:10a0    [02]:1ffe0   [03]:0       [04]:0       [05]:0       [06]:0       [07]:0       [08]:11b0    [09]:11b8    [10]:20f     [11]:0       [12]:0       [13]:0       [14]:1000    [15]:20c     [16]:0       [17]:0       [18]:11b0    [19]:11c0    [20]:0       [21]:0       [22]:0       [23]:0       [24]:0       [25]:0       [26]:0       [27]:0       [28]:0       [29]:0       [30]:0       [31]:0       
commit: pc = 1010
[01]:10a0    [02]:1ffe0   [03]:0       [04]:0       [05]:0       [06]:0       [07]:0       [08]:11b0    [09]:11b8    [10]:2bc     [11]:0       [12]:0       [13]:0       [14]:1000    [15]:20c     [16]:0       [17]:0       [18]:11b0    [19]:11c0    [20]:0       [21]:0       [22]:0       [23]:0       [24]:0       [25]:0       [26]:0       [27]:0       [28]:0       [29]:0       [30]:0       [31]:0       
commit: pc = 1014
[01]:10a0    [02]:1ffe0   [03]:0       [04]:0       [05]:0       [06]:0       [07]:0       [08]:11b0    [09]:11b8    [10]:2bc     [11]:0       [12]:0       [13]:0       [14]:1000    [15]:20c     [16]:0       [17]:0       [18]:11b0    [19]:11c0    [20]:0       [21]:0       [22]:0       [23]:0       [24]:0       [25]:0       [26]:0       [27]:0       [28]:0       [29]:0       [30]:0       [31]:0       
commit: pc = 10a0
[01]:10a0    [02]:1ffe0   [03]:0       [04]:0       [05]:0       [06]:0       [07]:0       [08]:11b0    [09]:11b8    [10]:2bc     [11]:0       [12]:0       [13]:0       [14]:1000    [15]:20c     [16]:0       [17]:0       [18]:11b0    [19]:11c0    [20]:0       [21]:0       [22]:0       [23]:0       [24]:0       [25]:0       [26]:0       [27]:0       [28]:0       [29]:0       [30]:0       [31]:0       
commit: pc = 10a4
[01]:10a0    [02]:1ffe0   [03]:0       [04]:0       [05]:0       [06]:0       [07]:0       [08]:11b0    [09]:11bc    [10]:2bc     [11]:0       [12]:0       [13]:0       [14]:1000    [15]:20c     [16]:0       [17]:0       [18]:11b0    [19]:11c0    [20]:0       [21]:0       [22]:0       [23]:0       [24]:0       [25]:0       [26]:0       [27]:0       [28]:0       [29]:0       [30]:0       [31]:0       
commit: pc = 1098
[01]:10a0    [02]:1ffe0   [03]:0       [04]:0       [05]:0       [06]:0       [07]:0       [08]:11b0    [09]:11bc    [10]:2bc     [11]:0       [12]:0       [13]:0       [14]:1000    [15]:20c     [16]:0       [17]:0       [18]:11b0    [19]:11c0    [20]:0       [21]:0       [22]:0       [23]:0       [24]:0       [25]:0       [26]:0       [27]:0       [28]:0       [29]:0       [30]:0       [31]:0       
commit: pc = 109c
[01]:10a0    [02]:1ffe0   [03]:0       [04]:0       [05]:0       [06]:0       [07]:0       [08]:11b0    [09]:11bc    [10]:4       [11]:0       [12]:0       [13]:0       [14]:1000    [15]:20c     [16]:0       [17]:0       [18]:11b0    [19]:11c0    [20]:0       [21]:0       [22]:0       [23]:0       [24]:0       [25]:0       [26]:0       [27]:0       [28]:0       [29]:0       [30]:0       [31]:0       
commit: pc = 1000
[01]:10a0    [02]:1ffe0   [03]:0       [04]:0       [05]:0       [06]:0       [07]:0       [08]:11b0    [09]:11bc    [10]:4       [11]:0       [12]:0       [13]:0       [14]:1000    [15]:20c     [16]:0       [17]:0       [18]:11b0    [19]:11c0    [20]:0       [21]:0       [22]:0       [23]:0       [24]:0       [25]:0       [26]:0       [27]:0       [28]:0       [29]:0       [30]:0       [31]:0       
commit: pc = 1004
[01]:10a0    [02]:1ffe0   [03]:0       [04]:0       [05]:0       [06]:0       [07]:0       [08]:11b0    [09]:11bc    [10]:4       [11]:0       [12]:0       [13]:0       [14]:1000    [15]:20c     [16]:0       [17]:0       [18]:11b0    [19]:11c0    [20]:0       [21]:0       [22]:0       [23]:0       [24]:0       [25]:0       [26]:0       [27]:0       [28]:0       [29]:0       [30]:0       [31]:0       
commit: pc = 1008
[01]:10a0    [02]:1ffe0   [03]:0       [04]:0       [05]:0       [06]:0       [07]:0       [08]:11b0    [09]:11bc    [10]:4       [11]:0       [12]:0       [13]:0       [14]:1000    [15]:2bc     [16]:0       [17]:0       [18]:11b0    [19]:11c0    [20]:0       [21]:0       [22]:0       [23]:0       [24]:0       [25]:0       [26]:0       [27]:0       [28]:0       [29]:0       [30]:0       [31]:0       
commit: pc = 100c
[01]:10a0    [02]:1ffe0   [03]:0       [04]:0       [05]:0       [06]:0       [07]:0       [08]:11b0    [09]:11bc    [10]:2b8     [11]:0       [12]:0       [13]:0       [14]:1000    [15]:2bc     [16]:0       [17]:0       [18]:11b0    [19]:11c0    [20]:0       [21]:0       [22]:0       [23]:0       [24]:0       [25]:0       [26]:0       [27]:0       [28]:0       [29]:0       [30]:0       [31]:0       
commit: pc = 1010
[01]:10a0    [02]:1ffe0   [03]:0       [04]:0       [05]:0       [06]:0       [07]:0       [08]:11b0    [09]:11bc    [10]:365     [11]:0       [12]:0       [13]:0       [14]:1000    [15]:2bc     [16]:0       [17]:0       [18]:11b0    [19]:11c0    [20]:0       [21]:0       [22]:0       [23]:0       [24]:0       [25]:0       [26]:0       [27]:0       [28]:0       [29]:0       [30]:0       [31]:0       
commit: pc = 1014
[01]:10a0    [02]:1ffe0   [03]:0       [04]:0       [05]:0       [06]:0       [07]:0       [08]:11b0    [09]:11bc    [10]:365     [11]:0       [12]:0       [13]:0       [14]:1000    [15]:2bc     [16]:0       [17]:0       [18]:11b0    [19]:11c0    [20]:0       [21]:0       [22]:0       [23]:0       [24]:0       [25]:0       [26]:0       [27]:0       [28]:0       [29]:0       [30]:0       [31]:0       
commit: pc = 10a0
[01]:10a0    [02]:1ffe0   [03]:0       [04]:0       [05]:0       [06]:0       [07]:0       [08]:11b0    [09]:11bc    [10]:365     [11]:0       [12]:0       [13]:0       [14]:1000    [15]:2bc     [16]:0       [17]:0       [18]:11b0    [19]:11c0    [20]:0       [21]:0       [22]:0       [23]:0       [24]:0       [25]:0       [26]:0       [27]:0       [28]:0       [29]:0       [30]:0       [31]:0       
commit: pc = 10a4
[01]:10a0    [02]:1ffe0   [03]:0       [04]:0       [05]:0       [06]:0       [07]:0       [08]:11b0    [09]:11c0    [10]:365     [11]:0       [12]:0       [13]:0       [14]:1000    [15]:2bc     [16]:0       [17]:0       [18]:11b0    [19]:11c0    [20]:0       [21]:0       [22]:0       [23]:0       [24]:0       [25]:0       [26]:0       [27]:0       [28]:0       [29]:0       [30]:0       [31]:0       
commit: pc = 10a8
[01]:10a0    [02]:1ffe0   [03]:0       [04]:0       [05]:0       [06]:0       [07]:0       [08]:11b0    [09]:11c0    [10]:365     [11]:0       [12]:0       [13]:0       [14]:1000    [15]:2bc     [16]:0       [17]:0       [18]:11b0    [19]:11c0    [20]:0       [21]:0       [22]:0       [23]:0       [24]:0       [25]:0       [26]:0       [27]:0       [28]:0       [29]:0       [30]:0       [31]:0       
commit: pc = 10ac
[01]:10a0    [02]:1ffe0   [03]:0       [04]:0       [05]:0       [06]:0       [07]:0       [08]:11b0    [09]:11c0    [10]:365     [11]:0       [12]:0       [13]:0       [14]:1000    [15]:2bc     [16]:0       [17]:0       [18]:11b0    [19]:11c0    [20]:0       [21]:0       [22]:0       [23]:0       [24]:0       [25]:0       [26]:0       [27]:0       [28]:0       [29]:0       [30]:0       [31]:0       
commit: pc = 10b0
[01]:10a0    [02]:1ffe0   [03]:0       [04]:0       [05]:0       [06]:0       [07]:0       [08]:11b0    [09]:11c0    [10]:365     [11]:0       [12]:0       [13]:0       [14]:1000    [15]:2bc     [16]:0       [17]:0       [18]:11b0    [19]:11c0    [20]:0       [21]:0       [22]:0       [23]:0       [24]:0       [25]:0       [26]:0       [27]:0       [28]:0       [29]:0       [30]:0       [31]:0       
commit: pc = 10b4
[01]:10a0    [02]:1ffe0   [03]:0       [04]:0       [05]:0       [06]:0       [07]:0       [08]:11b0    [09]:11c0    [10]:365     [11]:0       [12]:0       [13]:0       [14]:1000    [15]:2bc     [16]:0       [17]:0       [18]:11b0    [19]:11c0    [20]:0       [21]:0       [22]:0       [23]:0       [24]:0       [25]:0       [26]:0       [27]:0       [28]:0       [29]:0       [30]:0       [31]:0       
commit: pc = 10b8
[01]:10a0    [02]:1ffe0   [03]:0       [04]:0       [05]:0       [06]:0       [07]:0       [08]:11b0    [09]:11c0    [10]:365     [11]:0       [12]:0       [13]:0       [14]:1000    [15]:2bc     [16]:0       [17]:0       [18]:11b0    [19]:11c0    [20]:0       [21]:0       [22]:0       [23]:0       [24]:0       [25]:0       [26]:0       [27]:0       [28]:0       [29]:0       [30]:0       [31]:0       
commit: pc = 10bc
[01]:10a0    [02]:1ffe0   [03]:0       [04]:0       [05]:0       [06]:0       [07]:0       [08]:11b0    [09]:11c0    [10]:0       [11]:0       [12]:0       [13]:0       [14]:1000    [15]:2bc     [16]:0       [17]:0       [18]:11b0    [19]:11c0    [20]:0       [21]:0       [22]:0       [23]:0       [24]:0       [25]:0       [26]:0       [27]:0       [28]:0       [29]:0       [30]:0       [31]:0       
commit: pc = 1000
[01]:10c0    [02]:1ffe0   [03]:0       [04]:0       [05]:0       [06]:0       [07]:0       [08]:11b0    [09]:11c0    [10]:0       [11]:0       [12]:0       [13]:0       [14]:1000    [15]:2bc     [16]:0       [17]:0       [18]:11b0    [19]:11c0    [20]:0       [21]:0       [22]:0       [23]:0       [24]:0       [25]:0       [26]:0       [27]:0       [28]:0       [29]:0       [30]:0       [31]:0       
commit: pc = 1004
[01]:10c0    [02]:1ffe0   [03]:0       [04]:0       [05]:0       [06]:0       [07]:0       [08]:11b0    [09]:11c0    [10]:0       [11]:0       [12]:0       [13]:0       [14]:1000    [15]:2bc     [16]:0       [17]:0       [18]:11b0    [19]:11c0    [20]:0       [21]:0       [22]:0       [23]:0       [24]:0       [25]:0       [26]:0       [27]:0       [28]:0       [29]:0       [30]:0       [31]:0       
commit: pc = 1008
[01]:10c0    [02]:1ffe0   [03]:0       [04]:0       [05]:0       [06]:0       [07]:0       [08]:11b0    [09]:11c0    [10]:0       [11]:0       [12]:0       [13]:0       [14]:1000    [15]:365     [16]:0       [17]:0       [18]:11b0    [19]:11c0    [20]:0       [21]:0       [22]:0       [23]:0       [24]:0       [25]:0       [26]:0       [27]:0       [28]:0       [29]:0       [30]:0       [31]:0       
commit: pc = 100c
[01]:10c0    [02]:1ffe0   [03]:0       [04]:0       [05]:0       [06]:0       [07]:0       [08]:11b0    [09]:11c0    [10]:365     [11]:0       [12]:0       [13]:0       [14]:1000    [15]:365     [16]:0       [17]:0       [18]:11b0    [19]:11c0    [20]:0       [21]:0       [22]:0       [23]:0       [24]:0       [25]:0       [26]:0       [27]:0       [28]:0       [29]:0       [30]:0       [31]:0       
commit: pc = 1010
[01]:10c0    [02]:1ffe0   [03]:0       [04]:0       [05]:0       [06]:0       [07]:0       [08]:11b0    [09]:11c0    [10]:412     [11]:0       [12]:0       [13]:0       [14]:1000    [15]:365     [16]:0       [17]:0       [18]:11b0    [19]:11c0    [20]:0       [21]:0       [22]:0       [23]:0       [24]:0       [25]:0       [26]:0       [27]:0       [28]:0       [29]:0       [30]:0       [31]:0       
commit: pc = 1014
[01]:10c0    [02]:1ffe0   [03]:0       [04]:0       [05]:0       [06]:0       [07]:0       [08]:11b0    [09]:11c0    [10]:412     [11]:0       [12]:0       [13]:0       [14]:1000    [15]:365     [16]:0       [17]:0       [18]:11b0    [19]:11c0    [20]:0       [21]:0       [22]:0       [23]:0       [24]:0       [25]:0       [26]:0       [27]:0       [28]:0       [29]:0       [30]:0       [31]:0       
commit: pc = 10c0
[01]:10c0    [02]:1ffe0   [03]:0       [04]:0       [05]:0       [06]:0       [07]:0       [08]:11b0    [09]:11c0    [10]:412     [11]:0       [12]:0       [13]:0       [14]:1000    [15]:365     [16]:0       [17]:0       [18]:11b0    [19]:11c0    [20]:0       [21]:0       [22]:0       [23]:0       [24]:0       [25]:0       [26]:0       [27]:0       [28]:0       [29]:0       [30]:0       [31]:0       
commit: pc = 10c4
[01]:10c0    [02]:1ffe0   [03]:0       [04]:0       [05]:0       [06]:0       [07]:0       [08]:11b4    [09]:11c0    [10]:412     [11]:0       [12]:0       [13]:0       [14]:1000    [15]:365     [16]:0       [17]:0       [18]:11b0    [19]:11c0    [20]:0       [21]:0       [22]:0       [23]:0       [24]:0       [25]:0       [26]:0       [27]:0       [28]:0       [29]:0       [30]:0       [31]:0       
commit: pc = 10b8
[01]:10c0    [02]:1ffe0   [03]:0       [04]:0       [05]:0       [06]:0       [07]:0       [08]:11b4    [09]:11c0    [10]:412     [11]:0       [12]:0       [13]:0       [14]:1000    [15]:365     [16]:0       [17]:0       [18]:11b0    [19]:11c0    [20]:0       [21]:0       [22]:0       [23]:0       [24]:0       [25]:0       [26]:0       [27]:0       [28]:0       [29]:0       [30]:0       [31]:0       
commit: pc = 10bc
[01]:10c0    [02]:1ffe0   [03]:0       [04]:0       [05]:0       [06]:0       [07]:0       [08]:11b4    [09]:11c0    [10]:0       [11]:0       [12]:0       [13]:0       [14]:1000    [15]:365     [16]:0       [17]:0       [18]:11b0    [19]:11c0    [20]:0       [21]:0       [22]:0       [23]:0       [24]:0       [25]:0       [26]:0       [27]:0       [28]:0       [29]:0       [30]:0       [31]:0       
commit: pc = 1000
[01]:10c0    [02]:1ffe0   [03]:0       [04]:0       [05]:0       [06]:0       [07]:0       [08]:11b4    [09]:11c0    [10]:0       [11]:0       [12]:0       [13]:0       [14]:1000    [15]:365     [16]:0       [17]:0       [18]:11b0    [19]:11c0    [20]:0       [21]:0       [22]:0       [23]:0       [24]:0       [25]:0       [26]:0       [27]:0       [28]:0       [29]:0       [30]:0       [31]:0       
commit: pc = 1004
[01]:10c0    [02]:1ffe0   [03]:0       [04]:0       [05]:0       [06]:0       [07]:0       [08]:11b4    [09]:11c0    [10]:0       [11]:0       [12]:0       [13]:0       [14]:1000    [15]:365     [16]:0       [17]:0       [18]:11b0    [19]:11c0    [20]:0       [21]:0       [22]:0       [23]:0       [24]:0       [25]:0       [26]:0       [27]:0       [28]:0       [29]:0       [30]:0       [31]:0       
commit: pc = 1008
[01]:10c0    [02]:1ffe0   [03]:0       [04]:0       [05]:0       [06]:0       [07]:0       [08]:11b4    [09]:11c0    [10]:0       [11]:0       [12]:0       [13]:0       [14]:1000    [15]:412     [16]:0       [17]:0       [18]:11b0    [19]:11c0    [20]:0       [21]:0       [22]:0       [23]:0       [24]:0       [25]:0       [26]:0       [27]:0       [28]:0       [29]:0       [30]:0       [31]:0       
commit: pc = 100c
[01]:10c0    [02]:1ffe0   [03]:0       [04]:0       [05]:0       [06]:0       [07]:0       [08]:11b4    [09]:11c0    [10]:412     [11]:0       [12]:0       [13]:0       [14]:1000    [15]:412     [16]:0       [17]:0       [18]:11b0    [19]:11c0    [20]:0       [21]:0       [22]:0       [23]:0       [24]:0       [25]:0       [26]:0       [27]:0       [28]:0       [29]:0       [30]:0       [31]:0       
commit: pc = 1010
[01]:10c0    [02]:1ffe0   [03]:0       [04]:0       [05]:0       [06]:0       [07]:0       [08]:11b4    [09]:11c0    [10]:4bf     [11]:0       [12]:0       [13]:0       [14]:1000    [15]:412     [16]:0       [17]:0       [18]:11b0    [19]:11c0    [20]:0       [21]:0       [22]:0       [23]:0       [24]:0       [25]:0       [26]:0       [27]:0       [28]:0       [29]:0       [30]:0       [31]:0       
commit: pc = 1014
[01]:10c0    [02]:1ffe0   [03]:0       [04]:0       [05]:0       [06]:0       [07]:0       [08]:11b4    [09]:11c0    [10]:4bf     [11]:0       [12]:0       [13]:0       [14]:1000    [15]:412     [16]:0       [17]:0       [18]:11b0    [19]:11c0    [20]:0       [21]:0       [22]:0       [23]:0       [24]:0       [25]:0       [26]:0       [27]:0       [28]:0       [29]:0       [30]:0       [31]:0       
commit: pc = 10c0
[01]:10c0    [02]:1ffe0   [03]:0       [04]:0       [05]:0       [06]:0       [07]:0       [08]:11b4    [09]:11c0    [10]:4bf     [11]:0       [12]:0       [13]:0       [14]:1000    [15]:412     [16]:0       [17]:0       [18]:11b0    [19]:11c0    [20]:0       [21]:0       [22]:0       [23]:0       [24]:0       [25]:0       [26]:0       [27]:0       [28]:0       [29]:0       [30]:0       [31]:0       
commit: pc = 10c4
[01]:10c0    [02]:1ffe0   [03]:0       [04]:0       [05]:0       [06]:0       [07]:0       [08]:11b8    [09]:11c0    [10]:4bf     [11]:0       [12]:0       [13]:0       [14]:1000    [15]:412     [16]:0       [17]:0       [18]:11b0    [19]:11c0    [20]:0       [21]:0       [22]:0       [23]:0       [24]:0       [25]:0       [26]:0       [27]:0       [28]:0       [29]:0       [30]:0       [31]:0       
commit: pc = 10b8
[01]:10c0    [02]:1ffe0   [03]:0       [04]:0       [05]:0       [06]:0       [07]:0       [08]:11b8    [09]:11c0    [10]:4bf     [11]:0       [12]:0       [13]:0       [14]:1000    [15]:412     [16]:0       [17]:0       [18]:11b0    [19]:11c0    [20]:0       [21]:0       [22]:0       [23]:0       [24]:0       [25]:0       [26]:0       [27]:0       [28]:0       [29]:0       [30]:0       [31]:0       
commit: pc = 10bc
[01]:10c0    [02]:1ffe0   [03]:0       [04]:0       [05]:0       [06]:0       [07]:0       [08]:11b8    [09]:11c0    [10]:0       [11]:0       [12]:0       [13]:0       [14]:1000    [15]:412     [16]:0       [17]:0       [18]:11b0    [19]:11c0    [20]:0       [21]:0       [22]:0       [23]:0       [24]:0       [25]:0       [26]:0       [27]:0       [28]:0       [29]:0       [30]:0       [31]:0       
commit: pc = 1000
[01]:10c0    [02]:1ffe0   [03]:0       [04]:0       [05]:0       [06]:0       [07]:0       [08]:11b8    [09]:11c0    [10]:0       [11]:0       [12]:0       [13]:0       [14]:1000    [15]:412     [16]:0       [17]:0       [18]:11b0    [19]:11c0    [20]:0       [21]:0       [22]:0       [23]:0       [24]:0       [25]:0       [26]:0       [27]:0       [28]:0       [29]:0       [30]:0       [31]:0       
commit: pc = 1004
[01]:10c0    [02]:1ffe0   [03]:0       [04]:0       [05]:0       [06]:0       [07]:0       [08]:11b8    [09]:11c0    [10]:0       [11]:0       [12]:0       [13]:0       [14]:1000    [15]:412     [16]:0       [17]:0       [18]:11b0    [19]:11c0    [20]:0       [21]:0       [22]:0       [23]:0       [24]:0       [25]:0       [26]:0       [27]:0       [28]:0       [29]:0       [30]:0       [31]:0       
commit: pc = 1008
[01]:10c0    [02]:1ffe0   [03]:0       [04]:0       [05]:0       [06]:0       [07]:0       [08]:11b8    [09]:11c0    [10]:0       [11]:0       [12]:0       [13]:0       [14]:1000    [15]:4bf     [16]:0       [17]:0       [18]:11b0    [19]:11c0    [20]:0       [21]:0       [22]:0       [23]:0       [24]:0       [25]:0       [26]:0       [27]:0       [28]:0       [29]:0       [30]:0       [31]:0       
commit: pc = 100c
[01]:10c0    [02]:1ffe0   [03]:0       [04]:0       [05]:0       [06]:0       [07]:0       [08]:11b8    [09]:11c0    [10]:4bf     [11]:0       [12]:0       [13]:0       [14]:1000    [15]:4bf     [16]:0       [17]:0       [18]:11b0    [19]:11c0    [20]:0       [21]:0       [22]:0       [23]:0       [24]:0       [25]:0       [26]:0       [27]:0       [28]:0       [29]:0       [30]:0       [31]:0       
commit: pc = 1010
[01]:10c0    [02]:1ffe0   [03]:0       [04]:0       [05]:0       [06]:0       [07]:0       [08]:11b8    [09]:11c0    [10]:56c     [11]:0       [12]:0       [13]:0       [14]:1000    [15]:4bf     [16]:0       [17]:0       [18]:11b0    [19]:11c0    [20]:0       [21]:0       [22]:0       [23]:0       [24]:0       [25]:0       [26]:0       [27]:0       [28]:0       [29]:0       [30]:0       [31]:0       
commit: pc = 1014
[01]:10c0    [02]:1ffe0   [03]:0       [04]:0       [05]:0       [06]:0       [07]:0       [08]:11b8    [09]:11c0    [10]:56c     [11]:0       [12]:0       [13]:0       [14]:1000    [15]:4bf     [16]:0       [17]:0       [18]:11b0    [19]:11c0    [20]:0       [21]:0       [22]:0       [23]:0       [24]:0       [25]:0       [26]:0       [27]:0       [28]:0       [29]:0       [30]:0       [31]:0       
commit: pc = 10c0
[01]:10c0    [02]:1ffe0   [03]:0       [04]:0       [05]:0       [06]:0       [07]:0       [08]:11b8    [09]:11c0    [10]:56c     [11]:0       [12]:0       [13]:0       [14]:1000    [15]:4bf     [16]:0       [17]:0       [18]:11b0    [19]:11c0    [20]:0       [21]:0       [22]:0       [23]:0       [24]:0       [25]:0       [26]:0       [27]:0       [28]:0       [29]:0       [30]:0       [31]:0       
commit: pc = 10c4
[01]:10c0    [02]:1ffe0   [03]:0       [04]:0       [05]:0       [06]:0       [07]:0       [08]:11bc    [09]:11c0    [10]:56c     [11]:0       [12]:0       [13]:0       [14]:1000    [15]:4bf     [16]:0       [17]:0       [18]:11b0    [19]:11c0    [20]:0       [21]:0       [22]:0       [23]:0       [24]:0       [25]:0       [26]:0       [27]:0       [28]:0       [29]:0       [30]:0       [31]:0       
commit: pc = 10b8
[01]:10c0    [02]:1ffe0   [03]:0       [04]:0       [05]:0       [06]:0       [07]:0       [08]:11bc    [09]:11c0    [10]:56c     [11]:0       [12]:0       [13]:0       [14]:1000    [15]:4bf     [16]:0       [17]:0       [18]:11b0    [19]:11c0    [20]:0       [21]:0       [22]:0       [23]:0       [24]:0       [25]:0       [26]:0       [27]:0       [28]:0       [29]:0       [30]:0       [31]:0       
commit: pc = 10bc
[01]:10c0    [02]:1ffe0   [03]:0       [04]:0       [05]:0       [06]:0       [07]:0       [08]:11bc    [09]:11c0    [10]:0       [11]:0       [12]:0       [13]:0       [14]:1000    [15]:4bf     [16]:0       [17]:0       [18]:11b0    [19]:11c0    [20]:0       [21]:0       [22]:0       [23]:0       [24]:0       [25]:0       [26]:0       [27]:0       [28]:0       [29]:0       [30]:0       [31]:0       
commit: pc = 1000
[01]:10c0    [02]:1ffe0   [03]:0       [04]:0       [05]:0       [06]:0       [07]:0       [08]:11bc    [09]:11c0    [10]:0       [11]:0       [12]:0       [13]:0       [14]:1000    [15]:4bf     [16]:0       [17]:0       [18]:11b0    [19]:11c0    [20]:0       [21]:0       [22]:0       [23]:0       [24]:0       [25]:0       [26]:0       [27]:0       [28]:0       [29]:0       [30]:0       [31]:0       
commit: pc = 1004
[01]:10c0    [02]:1ffe0   [03]:0       [04]:0       [05]:0       [06]:0       [07]:0       [08]:11bc    [09]:11c0    [10]:0       [11]:0       [12]:0       [13]:0       [14]:1000    [15]:4bf     [16]:0       [17]:0       [18]:11b0    [19]:11c0    [20]:0       [21]:0       [22]:0       [23]:0       [24]:0       [25]:0       [26]:0       [27]:0       [28]:0       [29]:0       [30]:0       [31]:0       
commit: pc = 1008
[01]:10c0    [02]:1ffe0   [03]:0       [04]:0       [05]:0       [06]:0       [07]:0       [08]:11bc    [09]:11c0    [10]:0       [11]:0       [12]:0       [13]:0       [14]:1000    [15]:56c     [16]:0       [17]:0       [18]:11b0    [19]:11c0    [20]:0       [21]:0       [22]:0       [23]:0       [24]:0       [25]:0       [26]:0       [27]:0       [28]:0       [29]:0       [30]:0       [31]:0       
commit: pc = 100c
[01]:10c0    [02]:1ffe0   [03]:0       [04]:0       [05]:0       [06]:0       [07]:0       [08]:11bc    [09]:11c0    [10]:56c     [11]:0       [12]:0       [13]:0       [14]:1000    [15]:56c     [16]:0       [17]:0       [18]:11b0    [19]:11c0    [20]:0       [21]:0       [22]:0       [23]:0       [24]:0       [25]:0       [26]:0       [27]:0       [28]:0       [29]:0       [30]:0       [31]:0       
commit: pc = 1010
[01]:10c0    [02]:1ffe0   [03]:0       [04]:0       [05]:0       [06]:0       [07]:0       [08]:11bc    [09]:11c0    [10]:619     [11]:0       [12]:0       [13]:0       [14]:1000    [15]:56c     [16]:0       [17]:0       [18]:11b0    [19]:11c0    [20]:0       [21]:0       [22]:0       [23]:0       [24]:0       [25]:0       [26]:0       [27]:0       [28]:0       [29]:0       [30]:0       [31]:0       
commit: pc = 1014
[01]:10c0    [02]:1ffe0   [03]:0       [04]:0       [05]:0       [06]:0       [07]:0       [08]:11bc    [09]:11c0    [10]:619     [11]:0       [12]:0       [13]:0       [14]:1000    [15]:56c     [16]:0       [17]:0       [18]:11b0    [19]:11c0    [20]:0       [21]:0       [22]:0       [23]:0       [24]:0       [25]:0       [26]:0       [27]:0       [28]:0       [29]:0       [30]:0       [31]:0       
commit: pc = 10c0
[01]:10c0    [02]:1ffe0   [03]:0       [04]:0       [05]:0       [06]:0       [07]:0       [08]:11bc    [09]:11c0    [10]:619     [11]:0       [12]:0       [13]:0       [14]:1000    [15]:56c     [16]:0       [17]:0       [18]:11b0    [19]:11c0    [20]:0       [21]:0       [22]:0       [23]:0       [24]:0       [25]:0       [26]:0       [27]:0       [28]:0       [29]:0       [30]:0       [31]:0       
commit: pc = 10c4
[01]:10c0    [02]:1ffe0   [03]:0       [04]:0       [05]:0       [06]:0       [07]:0       [08]:11c0    [09]:11c0    [10]:619     [11]:0       [12]:0       [13]:0       [14]:1000    [15]:56c     [16]:0       [17]:0       [18]:11b0    [19]:11c0    [20]:0       [21]:0       [22]:0       [23]:0       [24]:0       [25]:0       [26]:0       [27]:0       [28]:0       [29]:0       [30]:0       [31]:0       
commit: pc = 10c8
[01]:10c0    [02]:1ffe0   [03]:0       [04]:0       [05]:0       [06]:0       [07]:0       [08]:11c0    [09]:11c0    [10]:619     [11]:0       [12]:0       [13]:0       [14]:1000    [15]:56c     [16]:0       [17]:0       [18]:11b0    [19]:11c0    [20]:0       [21]:0       [22]:0       [23]:0       [24]:0       [25]:0       [26]:0       [27]:0       [28]:0       [29]:0       [30]:0       [31]:0       
commit: pc = 10cc
[01]:10c0    [02]:1ffe0   [03]:0       [04]:0       [05]:0       [06]:0       [07]:0       [08]:11c0    [09]:11c0    [10]:619     [11]:fd      [12]:0       [13]:0       [14]:1000    [15]:56c     [16]:0       [17]:0       [18]:11b0    [19]:11c0    [20]:0       [21]:0       [22]:0       [23]:0       [24]:0       [25]:0       [26]:0       [27]:0       [28]:0       [29]:0       [30]:0       [31]:0       
commit: pc = 10d0
[01]:10c0    [02]:1ffe0   [03]:0       [04]:0       [05]:0       [06]:0       [07]:0       [08]:11c0    [09]:11c0    [10]:619     [11]:fd      [12]:0       [13]:0       [14]:1000    [15]:1000    [16]:0       [17]:0       [18]:11b0    [19]:11c0    [20]:0       [21]:0       [22]:0       [23]:0       [24]:0       [25]:0       [26]:0       [27]:0       [28]:0       [29]:0       [30]:0       [31]:0       
commit: pc = 10d4
[01]:10c0    [02]:1ffe0   [03]:0       [04]:0       [05]:0       [06]:0       [07]:0       [08]:11c0    [09]:11c0    [10]:619     [11]:fd      [12]:0       [13]:0       [14]:1000    [15]:1000    [16]:0       [17]:0       [18]:11b0    [19]:11c0    [20]:0       [21]:0       [22]:0       [23]:0       [24]:0       [25]:0       [26]:0       [27]:0       [28]:0       [29]:0       [30]:0       [31]:0       
commit: pc = 1178
[01]:10d8    [02]:1ffe0   [03]:0       [04]:0       [05]:0       [06]:0       [07]:0       [08]:11c0    [09]:11c0    [10]:619     [11]:fd      [12]:0       [13]:0       [14]:1000    [15]:1000    [16]:0       [17]:0       [18]:11b0    [19]:11c0    [20]:0       [21]:0       [22]:0       [23]:0       [24]:0       [25]:0       [26]:0       [27]:0       [28]:0       [29]:0       [30]:0       [31]:0       
commit: pc = 117c
[01]:10d8    [02]:1ffe0   [03]:0       [04]:0       [05]:10d8    [06]:0       [07]:0       [08]:11c0    [09]:11c0    [10]:619     [11]:fd      [12]:0       [13]:0       [14]:1000    [15]:1000    [16]:0       [17]:0       [18]:11b0    [19]:11c0    [20]:0       [21]:0       [22]:0       [23]:0       [24]:0       [25]:0       [26]:0       [27]:0       [28]:0       [29]:0       [30]:0       [31]:0       
commit: pc = 1180
[01]:10d8    [02]:1ffe0   [03]:0       [04]:0       [05]:10d8    [06]:0       [07]:0       [08]:11c0    [09]:11c0    [10]:619     [11]:fd      [12]:0       [13]:0       [14]:1000    [15]:1000    [16]:0       [17]:0       [18]:11b0    [19]:11c0    [20]:0       [21]:0       [22]:0       [23]:0       [24]:0       [25]:0       [26]:0       [27]:0       [28]:0       [29]:0       [30]:0       [31]:0       
commit: pc = 1184
[01]:10d8    [02]:1ffe0   [03]:0       [04]:0       [05]:10d8    [06]:0       [07]:0       [08]:11c0    [09]:11c0    [10]:619     [11]:fd      [12]:0       [13]:0       [14]:1000    [15]:1000    [16]:0       [17]:0       [18]:11b0    [19]:11c0    [20]:0       [21]:0       [22]:0       [23]:0       [24]:0       [25]:0       [26]:0       [27]:0       [28]:0       [29]:0       [30]:0       [31]:0       
commit: pc = 10fc
[01]:1188    [02]:1ffe0   [03]:0       [04]:0       [05]:10d8    [06]:0       [07]:0       [08]:11c0    [09]:11c0    [10]:619     [11]:fd      [12]:0       [13]:0       [14]:1000    [15]:1000    [16]:0       [17]:0       [18]:11b0    [19]:11c0    [20]:0       [21]:0       [22]:0       [23]:0       [24]:0       [25]:0       [26]:0       [27]:0       [28]:0       [29]:0       [30]:0       [31]:0       
commit: pc = 1100
[01]:1188    [02]:1ffe0   [03]:0       [04]:0       [05]:10d8    [06]:0       [07]:0       [08]:11c0    [09]:11c0    [10]:619     [11]:fd      [12]:fd      [13]:0       [14]:1000    [15]:1000    [16]:0       [17]:0       [18]:11b0    [19]:11c0    [20]:0       [21]:0       [22]:0       [23]:0       [24]:0       [25]:0       [26]:0       [27]:0       [28]:0       [29]:0       [30]:0       [31]:0       
commit: pc = 1104
[01]:1188    [02]:1ffe0   [03]:0       [04]:0       [05]:10d8    [06]:0       [07]:0       [08]:11c0    [09]:11c0    [10]:619     [11]:619     [12]:fd      [13]:0       [14]:1000    [15]:1000    [16]:0       [17]:0       [18]:11b0    [19]:11c0    [20]:0       [21]:0       [22]:0       [23]:0       [24]:0       [25]:0       [26]:0       [27]:0       [28]:0       [29]:0       [30]:0       [31]:0       
commit: pc = 1108
[01]:1188    [02]:1ffe0   [03]:0       [04]:0       [05]:10d8    [06]:0       [07]:0       [08]:11c0    [09]:11c0    [10]:ffffffff[11]:619     [12]:fd      [13]:0       [14]:1000    [15]:1000    [16]:0       [17]:0       [18]:11b0    [19]:11c0    [20]:0       [21]:0       [22]:0       [23]:0       [24]:0       [25]:0       [26]:0       [27]:0       [28]:0       [29]:0       [30]:0       [31]:0       
commit: pc = 110c
[01]:1188    [02]:1ffe0   [03]:0       [04]:0       [05]:10d8    [06]:0       [07]:0       [08]:11c0    [09]:11c0    [10]:ffffffff[11]:619     [12]:fd      [13]:0       [14]:1000    [15]:1000    [16]:0       [17]:0       [18]:11b0    [19]:11c0    [20]:0       [21]:0       [22]:0       [23]:0       [24]:0       [25]:0       [26]:0       [27]:0       [28]:0       [29]:0       [30]:0       [31]:0       
commit: pc = 1110
[01]:1188    [02]:1ffe0   [03]:0       [04]:0       [05]:10d8    [06]:0       [07]:0       [08]:11c0    [09]:11c0    [10]:ffffffff[11]:619     [12]:fd      [13]:1       [14]:1000    [15]:1000    [16]:0       [17]:0       [18]:11b0    [19]:11c0    [20]:0       [21]:0       [22]:0       [23]:0       [24]:0       [25]:0       [26]:0       [27]:0       [28]:0       [29]:0       [30]:0       [31]:0       
commit: pc = 1114
[01]:1188    [02]:1ffe0   [03]:0       [04]:0       [05]:10d8    [06]:0       [07]:0       [08]:11c0    [09]:11c0    [10]:ffffffff[11]:619     [12]:fd      [13]:1       [14]:1000    [15]:1000    [16]:0       [17]:0       [18]:11b0    [19]:11c0    [20]:0       [21]:0       [22]:0       [23]:0       [24]:0       [25]:0       [26]:0       [27]:0       [28]:0       [29]:0       [30]:0       [31]:0       
commit: pc = 1118
[01]:1188    [02]:1ffe0   [03]:0       [04]:0       [05]:10d8    [06]:0       [07]:0       [08]:11c0    [09]:11c0    [10]:ffffffff[11]:619     [12]:fd      [13]:1       [14]:1000    [15]:1000    [16]:0       [17]:0       [18]:11b0    [19]:11c0    [20]:0       [21]:0       [22]:0       [23]:0       [24]:0       [25]:0       [26]:0       [27]:0       [28]:0       [29]:0       [30]:0       [31]:0       
commit: pc = 111c
[01]:1188    [02]:1ffe0   [03]:0       [04]:0       [05]:10d8    [06]:0       [07]:0       [08]:11c0    [09]:11c0    [10]:ffffffff[11]:619     [12]:1fa     [13]:1       [14]:1000    [15]:1000    [16]:0       [17]:0       [18]:11b0    [19]:11c0    [20]:0       [21]:0       [22]:0       [23]:0       [24]:0       [25]:0       [26]:0       [27]:0       [28]:0       [29]:0       [30]:0       [31]:0       
commit: pc = 1120
[01]:1188    [02]:1ffe0   [03]:0       [04]:0       [05]:10d8    [06]:0       [07]:0       [08]:11c0    [09]:11c0    [10]:ffffffff[11]:619     [12]:1fa     [13]:2       [14]:1000    [15]:1000    [16]:0       [17]:0       [18]:11b0    [19]:11c0    [20]:0       [21]:0       [22]:0       [23]:0       [24]:0       [25]:0       [26]:0       [27]:0       [28]:0       [29]:0       [30]:0       [31]:0       
commit: pc = 1114
[01]:1188    [02]:1ffe0   [03]:0       [04]:0       [05]:10d8    [06]:0       [07]:0       [08]:11c0    [09]:11c0    [10]:ffffffff[11]:619     [12]:1fa     [13]:2       [14]:1000    [15]:1000    [16]:0       [17]:0       [18]:11b0    [19]:11c0    [20]:0       [21]:0       [22]:0       [23]:0       [24]:0       [25]:0       [26]:0       [27]:0       [28]:0       [29]:0       [30]:0       [31]:0       
commit: pc = 1118
[01]:1188    [02]:1ffe0   [03]:0       [04]:0       [05]:10d8    [06]:0       [07]:0       [08]:11c0    [09]:11c0    [10]:ffffffff[11]:619     [12]:1fa     [13]:2       [14]:1000    [15]:1000    [16]:0       [17]:0       [18]:11b0    [19]:11c0    [20]:0       [21]:0       [22]:0       [23]:0       [24]:0       [25]:0       [26]:0       [27]:0       [28]:0       [29]:0       [30]:0       [31]:0       
commit: pc = 111c
[01]:1188    [02]:1ffe0   [03]:0       [04]:0       [05]:10d8    [06]:0       [07]:0       [08]:11c0    [09]:11c0    [10]:ffffffff[11]:619     [12]:3f4     [13]:2       [14]:1000    [15]:1000    [16]:0       [17]:0       [18]:11b0    [19]:11c0    [20]:0       [21]:0       [22]:0       [23]:0       [24]:0       [25]:0       [26]:0       [27]:0       [28]:0       [29]:0       [30]:0       [31]:0       
commit: pc = 1120
[01]:1188    [02]:1ffe0   [03]:0       [04]:0       [05]:10d8    [06]:0       [07]:0       [08]:11c0    [09]:11c0    [10]:ffffffff[11]:619     [12]:3f4     [13]:4       [14]:1000    [15]:1000    [16]:0       [17]:0       [18]:11b0    [19]:11c0    [20]:0       [21]:0       [22]:0       [23]:0       [24]:0       [25]:0       [26]:0       [27]:0       [28]:0       [29]:0       [30]:0       [31]:0       
commit: pc = 1114
[01]:1188    [02]:1ffe0   [03]:0       [04]:0       [05]:10d8    [06]:0       [07]:0       [08]:11c0    [09]:11c0    [10]:ffffffff[11]:619     [12]:3f4     [13]:4       [14]:1000    [15]:1000    [16]:0       [17]:0       [18]:11b0    [19]:11c0    [20]:0       [21]:0       [22]:0       [23]:0       [24]:0       [25]:0       [26]:0       [27]:0       [28]:0       [29]:0       [30]:0       [31]:0       
commit: pc = 1118
[01]:1188    [02]:1ffe0   [03]:0       [04]:0       [05]:10d8    [06]:0       [07]:0       [08]:11c0    [09]:11c0    [10]:ffffffff[11]:619     [12]:3f4     [13]:4       [14]:1000    [15]:1000    [16]:0       [17]:0       [18]:11b0    [19]:11c0    [20]:0       [21]:0       [22]:0       [23]:0       [24]:0       [25]:0       [26]:0       [27]:0       [28]:0       [29]:0       [30]:0       [31]:0       
commit: pc = 111c
[01]:1188    [02]:1ffe0   [03]:0       [04]:0       [05]:10d8    [06]:0       [07]:0       [08]:11c0    [09]:11c0    [10]:ffffffff[11]:619     [12]:7e8     [13]:4       [14]:1000    [15]:1000    [16]:0       [17]:0       [18]:11b0    [19]:11c0    [20]:0       [21]:0       [22]:0       [23]:0       [24]:0       [25]:0       [26]:0       [27]:0       [28]:0       [29]:0       [30]:0       [31]:0       
commit: pc = 1120
[01]:1188    [02]:1ffe0   [03]:0       [04]:0       [05]:10d8    [06]:0       [07]:0       [08]:11c0    [09]:11c0    [10]:ffffffff[11]:619     [12]:7e8     [13]:8       [14]:1000    [15]:1000    [16]:0       [17]:0       [18]:11b0    [19]:11c0    [20]:0       [21]:0       [22]:0       [23]:0       [24]:0       [25]:0       [26]:0       [27]:0       [28]:0       [29]:0       [30]:0       [31]:0       
commit: pc = 1124
[01]:1188    [02]:1ffe0   [03]:0       [04]:0       [05]:10d8    [06]:0       [07]:0       [08]:11c0    [09]:11c0    [10]:ffffffff[11]:619     [12]:7e8     [13]:8       [14]:1000    [15]:1000    [16]:0       [17]:0       [18]:11b0    [19]:11c0    [20]:0       [21]:0       [22]:0       [23]:0       [24]:0       [25]:0       [26]:0       [27]:0       [28]:0       [29]:0       [30]:0       [31]:0       
commit: pc = 1128
[01]:1188    [02]:1ffe0   [03]:0       [04]:0       [05]:10d8    [06]:0       [07]:0       [08]:11c0    [09]:11c0    [10]:0       [11]:619     [12]:7e8     [13]:8       [14]:1000    [15]:1000    [16]:0       [17]:0       [18]:11b0    [19]:11c0    [20]:0       [21]:0       [22]:0       [23]:0       [24]:0       [25]:0       [26]:0       [27]:0       [28]:0       [29]:0       [30]:0       [31]:0       
commit: pc = 1134
[01]:1188    [02]:1ffe0   [03]:0       [04]:0       [05]:10d8    [06]:0       [07]:0       [08]:11c0    [09]:11c0    [10]:0       [11]:619     [12]:7e8     [13]:8       [14]:1000    [15]:1000    [16]:0       [17]:0       [18]:11b0    [19]:11c0    [20]:0       [21]:0       [22]:0       [23]:0       [24]:0       [25]:0       [26]:0       [27]:0       [28]:0       [29]:0       [30]:0       [31]:0       
commit: pc = 1138
[01]:1188    [02]:1ffe0   [03]:0       [04]:0       [05]:10d8    [06]:0       [07]:0       [08]:11c0    [09]:11c0    [10]:0       [11]:619     [12]:7e8     [13]:4       [14]:1000    [15]:1000    [16]:0       [17]:0       [18]:11b0    [19]:11c0    [20]:0       [21]:0       [22]:0       [23]:0       [24]:0       [25]:0       [26]:0       [27]:0       [28]:0       [29]:0       [30]:0       [31]:0       
commit: pc = 113c
[01]:1188    [02]:1ffe0   [03]:0       [04]:0       [05]:10d8    [06]:0       [07]:0       [08]:11c0    [09]:11c0    [10]:0       [11]:619     [12]:3f4     [13]:4       [14]:1000    [15]:1000    [16]:0       [17]:0       [18]:11b0    [19]:11c0    [20]:0       [21]:0       [22]:0       [23]:0       [24]:0       [25]:0       [26]:0       [27]:0       [28]:0       [29]:0       [30]:0       [31]:0       
commit: pc = 1128
[01]:1188    [02]:1ffe0   [03]:0       [04]:0       [05]:10d8    [06]:0       [07]:0       [08]:11c0    [09]:11c0    [10]:0       [11]:619     [12]:3f4     [13]:4       [14]:1000    [15]:1000    [16]:0       [17]:0       [18]:11b0    [19]:11c0    [20]:0       [21]:0       [22]:0       [23]:0       [24]:0       [25]:0       [26]:0       [27]:0       [28]:0       [29]:0       [30]:0       [31]:0       
commit: pc = 112c
[01]:1188    [02]:1ffe0   [03]:0       [04]:0       [05]:10d8    [06]:0       [07]:0       [08]:11c0    [09]:11c0    [10]:0       [11]:619     [12]:3f4     [13]:4       [14]:1000    [15]:1000    [16]:0       [17]:0       [18]:11b0    [19]:11c0    [20]:0       [21]:0       [22]:0       [23]:0       [24]:0       [25]:0       [26]:0       [27]:0       [28]:0       [29]:0       [30]:0       [31]:0       
commit: pc = 1130
[01]:1188    [02]:1ffe0   [03]:0       [04]:0       [05]:10d8    [06]:0       [07]:0       [08]:11c0    [09]:11c0    [10]:0       [11]:225     [12]:3f4     [13]:4       [14]:1000    [15]:1000    [16]:0       [17]:0       [18]:11b0    [19]:11c0    [20]:0       [21]:0       [22]:0       [23]:0       [24]:0       [25]:0       [26]:0       [27]:0       [28]:0       [29]:0       [30]:0       [31]:0       
commit: pc = 1134
[01]:1188    [02]:1ffe0   [03]:0       [04]:0       [05]:10d8    [06]:0       [07]:0       [08]:11c0    [09]:11c0    [10]:4       [11]:225     [12]:3f4     [13]:4       [14]:1000    [15]:1000    [16]:0       [17]:0       [18]:11b0    [19]:11c0    [20]:0       [21]:0       [22]:0       [23]:0       [24]:0       [25]:0       [26]:0       [27]:0       [28]:0       [29]:0       [30]:0       [31]:0       
commit: pc = 1138
[01]:1188    [02]:1ffe0   [03]:0       [04]:0       [05]:10d8    [06]:0       [07]:0       [08]:11c0    [09]:11c0    [10]:4       [11]:225     [12]:3f4     [13]:2       [14]:1000    [15]:1000    [16]:0       [17]:0       [18]:11b0    [19]:11c0    [20]:0       [21]:0       [22]:0       [23]:0       [24]:0       [25]:0       [26]:0       [27]:0       [28]:0       [29]:0       [30]:0       [31]:0       
commit: pc = 113c
[01]:1188    [02]:1ffe0   [03]:0       [04]:0       [05]:10d8    [06]:0       [07]:0       [08]:11c0    [09]:11c0    [10]:4       [11]:225     [12]:1fa     [13]:2       [14]:1000    [15]:1000    [16]:0       [17]:0       [18]:11b0    [19]:11c0    [20]:0       [21]:0       [22]:0       [23]:0       [24]:0       [25]:0       [26]:0       [27]:0       [28]:0       [29]:0       [30]:0       [31]:0       
commit: pc = 1128
[01]:1188    [02]:1ffe0   [03]:0       [04]:0       [05]:10d8    [06]:0       [07]:0       [08]:11c0    [09]:11c0    [10]:4       [11]:225     [12]:1fa     [13]:2       [14]:1000    [15]:1000    [16]:0       [17]:0       [18]:11b0    [19]:11c0    [20]:0       [21]:0       [22]:0       [23]:0       [24]:0       [25]:0       [26]:0       [27]:0       [28]:0       [29]:0       [30]:0       [31]:0       
commit: pc = 112c
[01]:1188    [02]:1ffe0   [03]:0       [04]:0       [05]:10d8    [06]:0       [07]:0       [08]:11c0    [09]:11c0    [10]:4       [11]:225     [12]:1fa     [13]:2       [14]:1000    [15]:1000    [16]:0       [17]:0       [18]:11b0    [19]:11c0    [20]:0       [21]:0       [22]:0       [23]:0       [24]:0       [25]:0       [26]:0       [27]:0       [28]:0       [29]:0       [30]:0       [31]:0       
commit: pc = 1130
[01]:1188    [02]:1ffe0   [03]:0       [04]:0       [05]:10d8    [06]:0       [07]:0       [08]:11c0    [09]:11c0    [10]:4       [11]:2b      [12]:1fa     [13]:2       [14]:1000    [15]:1000    [16]:0       [17]:0       [18]:11b0    [19]:11c0    [20]:0       [21]:0       [22]:0       [23]:0       [24]:0       [25]:0       [26]:0       [27]:0       [28]:0       [29]:0       [30]:0       [31]:0       
commit: pc = 1134
[01]:1188    [02]:1ffe0   [03]:0       [04]:0       [05]:10d8    [06]:0       [07]:0       [08]:11c0    [09]:11c0    [10]:6       [11]:2b      [12]:1fa     [13]:2       [14]:1000    [15]:1000    [16]:0       [17]:0       [18]:11b0    [19]:11c0    [20]:0       [21]:0       [22]:0       [23]:0       [24]:0       [25]:0       [26]:0       [27]:0       [28]:0       [29]:0       [30]:0       [31]:0       
commit: pc = 1138
[01]:1188    [02]:1ffe0   [03]:0       [04]:0       [05]:10d8    [06]:0       [07]:0       [08]:11c0    [09]:11c0    [10]:6       [11]:2b      [12]:1fa     [13]:1       [14]:1000    [15]:1000    [16]:0       [17]:0       [18]:11b0    [19]:11c0    [20]:0       [21]:0       [22]:0       [23]:0       [24]:0       [25]:0       [26]:0       [27]:0       [28]:0       [29]:0       [30]:0       [31]:0       
commit: pc = 113c
[01]:1188    [02]:1ffe0   [03]:0       [04]:0       [05]:10d8    [06]:0       [07]:0       [08]:11c0    [09]:11c0    [10]:6       [11]:2b      [12]:fd      [13]:1       [14]:1000    [15]:1000    [16]:0       [17]:0       [18]:11b0    [19]:11c0    [20]:0       [21]:0       [22]:0       [23]:0       [24]:0       [25]:0       [26]:0       [27]:0       [28]:0       [29]:0       [30]:0       [31]:0       
commit: pc = 1128
[01]:1188    [02]:1ffe0   [03]:0       [04]:0       [05]:10d8    [06]:0       [07]:0       [08]:11c0    [09]:11c0    [10]:6       [11]:2b      [12]:fd      [13]:1       [14]:1000    [15]:1000    [16]:0       [17]:0       [18]:11b0    [19]:11c0    [20]:0       [21]:0       [22]:0       [23]:0       [24]:0       [25]:0       [26]:0       [27]:0       [28]:0       [29]:0       [30]:0       [31]:0       
commit: pc = 1134
[01]:1188    [02]:1ffe0   [03]:0       [04]:0       [05]:10d8    [06]:0       [07]:0       [08]:11c0    [09]:11c0    [10]:6       [11]:2b      [12]:fd      [13]:1       [14]:1000    [15]:1000    [16]:0       [17]:0       [18]:11b0    [19]:11c0    [20]:0       [21]:0       [22]:0       [23]:0       [24]:0       [25]:0       [26]:0       [27]:0       [28]:0       [29]:0       [30]:0       [31]:0       
commit: pc = 1138
[01]:1188    [02]:1ffe0   [03]:0       [04]:0       [05]:10d8    [06]:0       [07]:0       [08]:11c0    [09]:11c0    [10]:6       [11]:2b      [12]:fd      [13]:0       [14]:1000    [15]:1000    [16]:0       [17]:0       [18]:11b0    [19]:11c0    [20]:0       [21]:0       [22]:0       [23]:0       [24]:0       [25]:0       [26]:0       [27]:0       [28]:0       [29]:0       [30]:0       [31]:0       
commit: pc = 113c
[01]:1188    [02]:1ffe0   [03]:0       [04]:0       [05]:10d8    [06]:0       [07]:0       [08]:11c0    [09]:11c0    [10]:6       [11]:2b      [12]:7e      [13]:0       [14]:1000    [15]:1000    [16]:0       [17]:0       [18]:11b0    [19]:11c0    [20]:0       [21]:0       [22]:0       [23]:0       [24]:0       [25]:0       [26]:0       [27]:0       [28]:0       [29]:0       [30]:0       [31]:0       
commit: pc = 1140
[01]:1188    [02]:1ffe0   [03]:0       [04]:0       [05]:10d8    [06]:0       [07]:0       [08]:11c0    [09]:11c0    [10]:6       [11]:2b      [12]:7e      [13]:0       [14]:1000    [15]:1000    [16]:0       [17]:0       [18]:11b0    [19]:11c0    [20]:0       [21]:0       [22]:0       [23]:0       [24]:0       [25]:0       [26]:0       [27]:0       [28]:0       [29]:0       [30]:0       [31]:0       
commit: pc = 1188
[01]:1188    [02]:1ffe0   [03]:0       [04]:0       [05]:10d8    [06]:0       [07]:0       [08]:11c0    [09]:11c0    [10]:6       [11]:2b      [12]:7e      [13]:0       [14]:1000    [15]:1000    [16]:0       [17]:0       [18]:11b0    [19]:11c0    [20]:0       [21]:0       [22]:0       [23]:0       [24]:0       [25]:0       [26]:0       [27]:0       [28]:0       [29]:0       [30]:0       [31]:0       
commit: pc = 118c
[01]:1188    [02]:1ffe0   [03]:0       [04]:0       [05]:10d8    [06]:0       [07]:0       [08]:11c0    [09]:11c0    [10]:2b      [11]:2b      [12]:7e      [13]:0       [14]:1000    [15]:1000    [16]:0       [17]:0       [18]:11b0    [19]:11c0    [20]:0       [21]:0       [22]:0       [23]:0       [24]:0       [25]:0       [26]:0       [27]:0       [28]:0       [29]:0       [30]:0       [31]:0       
commit: pc = 10d8
[01]:1188    [02]:1ffe0   [03]:0       [04]:0       [05]:10d8    [06]:0       [07]:0       [08]:11c0    [09]:11c0    [10]:2b      [11]:2b      [12]:7e      [13]:0       [14]:1000    [15]:1000    [16]:0       [17]:0       [18]:11b0    [19]:11c0    [20]:0       [21]:0       [22]:0       [23]:0       [24]:0       [25]:0       [26]:0       [27]:0       [28]:0       [29]:0       [30]:0       [31]:0       
commit: pc = 10dc
[01]:8       [02]:1ffe0   [03]:0       [04]:0       [05]:10d8    [06]:0       [07]:0       [08]:11c0    [09]:11c0    [10]:2b      [11]:2b      [12]:7e      [13]:0       [14]:1000    [15]:1000    [16]:0       [17]:0       [18]:11b0    [19]:11c0    [20]:0       [21]:0       [22]:0       [23]:0       [24]:0       [25]:0       [26]:0       [27]:0       [28]:0       [29]:0       [30]:0       [31]:0       
commit: pc = 10e0
[01]:8       [02]:1ffe0   [03]:0       [04]:0       [05]:10d8    [06]:0       [07]:0       [08]:0       [09]:11c0    [10]:2b      [11]:2b      [12]:7e      [13]:0       [14]:1000    [15]:1000    [16]:0       [17]:0       [18]:11b0    [19]:11c0    [20]:0       [21]:0       [22]:0       [23]:0       [24]:0       [25]:0       [26]:0       [27]:0       [28]:0       [29]:0       [30]:0       [31]:0       
commit: pc = 10e4
[01]:8       [02]:1ffe0   [03]:0       [04]:0       [05]:10d8    [06]:0       [07]:0       [08]:0       [09]:0       [10]:2b      [11]:2b      [12]:7e      [13]:0       [14]:1000    [15]:1000    [16]:0       [17]:0       [18]:11b0    [19]:11c0    [20]:0       [21]:0       [22]:0       [23]:0       [24]:0       [25]:0       [26]:0       [27]:0       [28]:0       [29]:0       [30]:0       [31]:0       
commit: pc = 10e8
[01]:8       [02]:1ffe0   [03]:0       [04]:0       [05]:10d8    [06]:0       [07]:0       [08]:0       [09]:0       [10]:2b      [11]:2b      [12]:7e      [13]:0       [14]:1000    [15]:1000    [16]:0       [17]:0       [18]:0       [19]:11c0    [20]:0       [21]:0       [22]:0       [23]:0       [24]:0       [25]:0       [26]:0       [27]:0       [28]:0       [29]:0       [30]:0       [31]:0       
commit: pc = 10ec
[01]:8       [02]:1ffe0   [03]:0       [04]:0       [05]:10d8    [06]:0       [07]:0       [08]:0       [09]:0       [10]:2b      [11]:2b      [12]:7e      [13]:0       [14]:1000    [15]:1000    [16]:0       [17]:0       [18]:0       [19]:0       [20]:0       [21]:0       [22]:0       [23]:0       [24]:0       [25]:0       [26]:0       [27]:0       [28]:0       [29]:0       [30]:0       [31]:0       
commit: pc = 10f0
[01]:8       [02]:20000   [03]:0       [04]:0       [05]:10d8    [06]:0       [07]:0       [08]:0       [09]:0       [10]:2b      [11]:2b      [12]:7e      [13]:0       [14]:1000    [15]:1000    [16]:0       [17]:0       [18]:0       [19]:0       [20]:0       [21]:0       [22]:0       [23]:0       [24]:0       [25]:0       [26]:0       [27]:0       [28]:0       [29]:0       [30]:0       [31]:0       
43